ASxxxx Linker V03.00/V05.40 + sdld,  page 1.
Hexadecimal  [32-Bits]

Area                       Addr        Size        Decimal Bytes (Attributes)
--------------------       ----        ----        ------- ----- ------------
.  .ABS.               00000000    00000000 =           0. bytes (ABS,CON)

        Value  Global            Value  Global            Value  Global    
        -----  ------            -----  ------            -----  ------    
     00000000  .__.ABS.  |    00000000  _rMBC7_SR |    00000000  _rRAMG   
     00000000  l__BASE   |    00000000  l__BSS    |    00000000  l__CABS  
     00000000  l__CODE_0 |    00000000  l__DABS   |    00000000  l__FONT_H
     00000000  l__HEADER |    00000000  l__HEADER |    00000000  l__HEAP  
     00000000  l__HEAP_E |    00000000  l__LIT    |    00000000  s__CABS  
     00000000  s__DABS   |    00000000  s__FONT_H |    00000000  s__FONT_H
     00000000  s__HEADER |    00000000  s__HEADER |    00000000  s__HEADER
     00000000  s__HEADER |    00000000  s__HEADER |    00000000  s__HEADER
     00000000  s__HEADER |    00000000  s__HEADER |    00000000  s__HEADER
     00000000  s__HEADER |    00000000  s__HEADER |    00000000  s__HEADER
     00000000  s__HEADER |    00000000  s__HEADER |    00000000  s__HEADER
     00000000  s__HEADER |    00000000  s__HEADER |    00000000  s__HEADER
     00000000  s__HEADER |    00000000  s__HEADER |    00000000  s__HEADER
     00000001  l__GSFINA |    00000001  l__HEADER |    00000001  l__HEADER
     00000001  l__HEADER |    00000001  l__HEADER |    00000001  l__HEADER
     00000001  l__HEADER |    00000001  l__HEADER |    00000002  l__HEADER
     00000002  l__HEADER |    00000002  l__HEADER |    00000003  l__FONT_H
     00000003  l__HEADER |    00000003  l__HEADER |    00000005  l__HEADER
     00000006  l__HEADER |    00000007  l__HEADER |    00000008  l__HEADER
     0000000C  l__GSINIT |    00000013  l__HRAM   |    00000030  l__HEADER
     00000060  l__HEADER |    000000AB  l__HEADER |    00000200  s__CODE  
     00000456  l__INITIA |    00000456  l__INITIA |    00000E93  l__CODE  
     00001093  s__HOME   |    00001A38  l__DATA   |    00001B77  l__HOME  
     00001F06  l__CODE_6 |    00002000  _rROMB0   |    0000204B  l__CODE_4
     00002890  l__CODE_7 |    000028E9  l__CODE_5 |    00002C0A  s__BASE  
     00002C0A  s__CODE_0 |    00002C0A  s__INITIA |    00002C0A  s__LIT   
     00003000  _rROMB1   |    00003060  s__GSINIT |    0000306C  s__GSFINA
     00003272  l__CODE_3 |    0000398A  l__CODE_1 |    00003BB6  l__CODE_2
     00004000  _rMBC7_SR |    00004000  _rRAMB    |    00008000  __VRAM   
     00008000  __VRAM800 |    00008800  __VRAM880 |    00009000  __VRAM900
     00009800  __SCRN0   |    00009C00  __SCRN1   |    0000A000  __SRAM   
     0000A000  _rMBC7_LA |    0000A010  _rMBC7_LA |    0000A020  _rMBC7_AC
     0000A030  _rMBC7_AC |    0000A040  _rMBC7_AC |    0000A050  _rMBC7_AC
     0000C000  __RAM     |    0000C000  _shadow_O |    0000C0A0  s__DATA  
     0000D000  __RAMBANK |    0000DAD8  s__BSS    |    0000DAD8  s__INITIA
     0000DF2E  s__HEAP   |    0000DF2E  s__HEAP_E |    0000E000  .STACK   
     0000FE00  __OAMRAM  |    0000FF00  _P1_REG   |    0000FF00  __IO     
     0000FF01  _SB_REG   |    0000FF02  _SC_REG   |    0000FF04  _DIV_REG 
     0000FF05  _TIMA_REG |    0000FF06  _TMA_REG  |    0000FF07  _TAC_REG 
     0000FF0F  _IF_REG   |    0000FF10  _NR10_REG |    0000FF11  _NR11_REG
     0000FF12  _NR12_REG |    0000FF13  _NR13_REG |    0000FF14  _NR14_REG
     0000FF16  _NR21_REG |    0000FF17  _NR22_REG |    0000FF18  _NR23_REG
     0000FF19  _NR24_REG |    0000FF1A  _NR30_REG |    0000FF1B  _NR31_REG
     0000FF1C  _NR32_REG |    0000FF1D  _NR33_REG |    0000FF1E  _NR34_REG
     0000FF20  _NR41_REG |    0000FF21  _NR42_REG |    0000FF22  _NR43_REG
     0000FF23  _NR44_REG |    0000FF24  _NR50_REG |    0000FF25  _NR51_REG
     0000FF26  _NR52_REG |    0000FF30  _AUD3WAVE |    0000FF30  _PCM_SAMP
     0000FF30  __AUD3WAV |    0000FF40  _LCDC_REG |    0000FF41  _STAT_REG
     0000FF42  _SCY_REG  |    0000FF43  _SCX_REG  |    0000FF44  _LY_REG  
     0000FF45  _LYC_REG  |    0000FF46  _DMA_REG  |    0000FF47  _BGP_REG 
ASxxxx Linker V03.00/V05.40 + sdld,  page 2.
Hexadecimal  [32-Bits]

Area                       Addr        Size        Decimal Bytes (Attributes)
--------------------       ----        ----        ------- ----- ------------
.  .ABS.               00000000    00000000 =           0. bytes (ABS,CON)

        Value  Global            Value  Global            Value  Global    
        -----  ------            -----  ------            -----  ------    
     0000FF48  _OBP0_REG |    0000FF49  _OBP1_REG |    0000FF4A  _WY_REG  
     0000FF4B  _WX_REG   |    0000FF4D  _KEY1_REG |    0000FF4F  _VBK_REG 
     0000FF51  _HDMA1_RE |    0000FF52  _HDMA2_RE |    0000FF53  _HDMA3_RE
     0000FF54  _HDMA4_RE |    0000FF55  _HDMA5_RE |    0000FF56  _RP_REG  
     0000FF68  _BCPS_REG |    0000FF69  _BCPD_REG |    0000FF6A  _OCPS_REG
     0000FF6B  _OCPD_REG |    0000FF70  _SVBK_REG |    0000FF76  _PCM12_RE
     0000FF77  _PCM34_RE |    0000FF80  __HRAM    |    0000FF80  s__HRAM  
     0000FFFF  _IE_REG   |    00014000  s__CODE_1 |    00024000  s__CODE_2
     00034000  s__CODE_3 |    00044000  s__CODE_4 |    00054000  s__CODE_5
     00064000  s__CODE_6 |    00074000  s__CODE_7
ASxxxx Linker V03.00/V05.40 + sdld,  page 3.
Hexadecimal  [32-Bits]

Area                       Addr        Size        Decimal Bytes (Attributes)
--------------------       ----        ----        ------- ----- ------------
_CODE                  00000200    00000E93 =        3731. bytes (REL,CON)

        Value  Global            Value  Global            Value  Global    
        -----  ------            -----  ------            -----  ------    
     00000200  _main     |    0000020C  _load_low |    0000022D  _load_men
     00000264  _restore_ |    0000029F  _draw_pre |    00000313  _restore_
     000003C2  _draw_tex |    000005BA  _draw_num |    000006CC  _clear_en
     0000070E  _fade_out |    00000737  _fade_in  |    00000762  _draw_pen
     00000801  _animate_ |    00000873  _draw_til |    000008C9  _update_v
     00000992  _scroll_c |    00000C52  _draw_tex |    00000E2D  _load_pen
     00000E4D  _load_por |    00000E6D  _show_men |    00000E7D  _hide_men
     00000EA5  _hide_veh |    00000EF4  __divsuch |    00000EFA  __modsuch
     00000F03  __divusch |    00000F0C  __modusch |    00000F18  __divscha
     00000F1D  __modscha |    00000F24  __divsint |    00000F2D  __modsint
     00000F39  __divucha |    00000F3E  __moducha |    00000F45  __divuint
     00000F4E  __moduint |    00000F5A  .div8     |    00000F5A  .mod8    
     00000F62  .div16    |    00000F62  .mod16    |    00000F98  .divu8   
     00000F98  .modu8    |    00000F9B  .divu16   |    00000F9B  .modu16  
     00000FDB  _set_vram |    00000FE4  _set_win_ |    00000FED  _set_bkg_
     0000101C  __mulsuch |    0000101F  __mulusch |    00001028  __mulscha
     00001030  __mulint  |    0000104F  __mulucha |    00001061  ___memcpy
     00001061  _memcpy  
ASxxxx Linker V03.00/V05.40 + sdld,  page 4.
Hexadecimal  [32-Bits]

Area                       Addr        Size        Decimal Bytes (Attributes)
--------------------       ----        ----        ------- ----- ------------
_HEADER0               00000000    00000001 =           1. bytes (ABS,CON)

        Value  Global            Value  Global            Value  Global    
        -----  ------            -----  ------            -----  ------    
     00000020  .call_hl 
ASxxxx Linker V03.00/V05.40 + sdld,  page 5.
Hexadecimal  [32-Bits]

Area                       Addr        Size        Decimal Bytes (Attributes)
--------------------       ----        ----        ------- ----- ------------
_HEADER1               00000000    00000005 =           5. bytes (ABS,CON)

        Value  Global            Value  Global            Value  Global    
        -----  ------            -----  ------            -----  ------    
     00000028  .MemsetSm
ASxxxx Linker V03.00/V05.40 + sdld,  page 6.
Hexadecimal  [32-Bits]

Area                       Addr        Size        Decimal Bytes (Attributes)
--------------------       ----        ----        ------- ----- ------------
_HEADER2               00000000    00000007 =           7. bytes (ABS,CON)

        Value  Global            Value  Global            Value  Global    
        -----  ------            -----  ------            -----  ------    
     00000030  .MemcpySm
ASxxxx Linker V03.00/V05.40 + sdld,  page 7.
Hexadecimal  [32-Bits]

Area                       Addr        Size        Decimal Bytes (Attributes)
--------------------       ----        ----        ------- ----- ------------
_HEADER3               00000000    00000008 =           8. bytes (ABS,CON)

        Value  Global            Value  Global            Value  Global    
        -----  ------            -----  ------            -----  ------    
ASxxxx Linker V03.00/V05.40 + sdld,  page 8.
Hexadecimal  [32-Bits]

Area                       Addr        Size        Decimal Bytes (Attributes)
--------------------       ----        ----        ------- ----- ------------
_HEADER4               00000000    00000060 =          96. bytes (ABS,CON)

        Value  Global            Value  Global            Value  Global    
        -----  ------            -----  ------            -----  ------    
     00000080  .int      |    0000008F  _wait_int |    0000009C  __standar
     000000AB  _refresh_ |    000000CC  _set_inte
ASxxxx Linker V03.00/V05.40 + sdld,  page 9.
Hexadecimal  [32-Bits]

Area                       Addr        Size        Decimal Bytes (Attributes)
--------------------       ----        ----        ------- ----- ------------
_HEADER5               00000000    00000001 =           1. bytes (ABS,CON)

        Value  Global            Value  Global            Value  Global    
        -----  ------            -----  ------            -----  ------    
ASxxxx Linker V03.00/V05.40 + sdld,  page 10.
Hexadecimal  [32-Bits]

Area                       Addr        Size        Decimal Bytes (Attributes)
--------------------       ----        ----        ------- ----- ------------
_HEADER6               00000000    00000002 =           2. bytes (ABS,CON)

        Value  Global            Value  Global            Value  Global    
        -----  ------            -----  ------            -----  ------    
ASxxxx Linker V03.00/V05.40 + sdld,  page 11.
Hexadecimal  [32-Bits]

Area                       Addr        Size        Decimal Bytes (Attributes)
--------------------       ----        ----        ------- ----- ------------
_HEADER7               00000000    00000030 =          48. bytes (ABS,CON)

        Value  Global            Value  Global            Value  Global    
        -----  ------            -----  ------            -----  ------    
ASxxxx Linker V03.00/V05.40 + sdld,  page 12.
Hexadecimal  [32-Bits]

Area                       Addr        Size        Decimal Bytes (Attributes)
--------------------       ----        ----        ------- ----- ------------
_HEADER8               00000000    00000006 =           6. bytes (ABS,CON)

        Value  Global            Value  Global            Value  Global    
        -----  ------            -----  ------            -----  ------    
ASxxxx Linker V03.00/V05.40 + sdld,  page 13.
Hexadecimal  [32-Bits]

Area                       Addr        Size        Decimal Bytes (Attributes)
--------------------       ----        ----        ------- ----- ------------
_HEADER9               00000000    00000003 =           3. bytes (ABS,CON)

        Value  Global            Value  Global            Value  Global    
        -----  ------            -----  ------            -----  ------    
ASxxxx Linker V03.00/V05.40 + sdld,  page 14.
Hexadecimal  [32-Bits]

Area                       Addr        Size        Decimal Bytes (Attributes)
--------------------       ----        ----        ------- ----- ------------
_HEADERa               00000000    00000001 =           1. bytes (ABS,CON)

        Value  Global            Value  Global            Value  Global    
        -----  ------            -----  ------            -----  ------    
ASxxxx Linker V03.00/V05.40 + sdld,  page 15.
Hexadecimal  [32-Bits]

Area                       Addr        Size        Decimal Bytes (Attributes)
--------------------       ----        ----        ------- ----- ------------
_HEADERb               00000000    00000001 =           1. bytes (ABS,CON)

        Value  Global            Value  Global            Value  Global    
        -----  ------            -----  ------            -----  ------    
ASxxxx Linker V03.00/V05.40 + sdld,  page 16.
Hexadecimal  [32-Bits]

Area                       Addr        Size        Decimal Bytes (Attributes)
--------------------       ----        ----        ------- ----- ------------
_HEADERc               00000000    00000001 =           1. bytes (ABS,CON)

        Value  Global            Value  Global            Value  Global    
        -----  ------            -----  ------            -----  ------    
ASxxxx Linker V03.00/V05.40 + sdld,  page 17.
Hexadecimal  [32-Bits]

Area                       Addr        Size        Decimal Bytes (Attributes)
--------------------       ----        ----        ------- ----- ------------
_HEADERd               00000000    00000002 =           2. bytes (ABS,CON)

        Value  Global            Value  Global            Value  Global    
        -----  ------            -----  ------            -----  ------    
ASxxxx Linker V03.00/V05.40 + sdld,  page 18.
Hexadecimal  [32-Bits]

Area                       Addr        Size        Decimal Bytes (Attributes)
--------------------       ----        ----        ------- ----- ------------
_HEADERe               00000000    00000001 =           1. bytes (ABS,CON)

        Value  Global            Value  Global            Value  Global    
        -----  ------            -----  ------            -----  ------    
ASxxxx Linker V03.00/V05.40 + sdld,  page 19.
Hexadecimal  [32-Bits]

Area                       Addr        Size        Decimal Bytes (Attributes)
--------------------       ----        ----        ------- ----- ------------
_HEADERf               00000000    00000001 =           1. bytes (ABS,CON)

        Value  Global            Value  Global            Value  Global    
        -----  ------            -----  ------            -----  ------    
ASxxxx Linker V03.00/V05.40 + sdld,  page 20.
Hexadecimal  [32-Bits]

Area                       Addr        Size        Decimal Bytes (Attributes)
--------------------       ----        ----        ------- ----- ------------
_HEADER10              00000000    00000002 =           2. bytes (ABS,CON)

        Value  Global            Value  Global            Value  Global    
        -----  ------            -----  ------            -----  ------    
ASxxxx Linker V03.00/V05.40 + sdld,  page 21.
Hexadecimal  [32-Bits]

Area                       Addr        Size        Decimal Bytes (Attributes)
--------------------       ----        ----        ------- ----- ------------
_HEADER11              00000000    000000AB =         171. bytes (ABS,CON)

        Value  Global            Value  Global            Value  Global    
        -----  ------            -----  ------            -----  ------    
     00000150  .reset    |    00000150  _reset    |    00000157  .code_sta
     000001B9  _exit     |    000001BD  .wait_vbl |    000001BD  _vsync   
     000001BD  _wait_vbl |    000001CD  .remove_V |    000001CD  _remove_V
     000001D0  .remove_i |    000001ED  .add_VBL  |    000001ED  _add_VBL 
     000001F0  .add_int 
ASxxxx Linker V03.00/V05.40 + sdld,  page 22.
Hexadecimal  [32-Bits]

Area                       Addr        Size        Decimal Bytes (Attributes)
--------------------       ----        ----        ------- ----- ------------
_HOME                  00001093    00001B77 =        7031. bytes (REL,CON)

        Value  Global            Value  Global            Value  Global    
        -----  ------            -----  ------            -----  ------    
     00001093  .memset_s |    0000109C  .memcpy_s |    000010B9  .display_
     000010B9  _display_ |    000010D1  _nb_get_m |    00001118  _nb_get_t
     0000116F  _nb_get_m |    00001187  _call_int |    000011A0  _call_sho
     000011B6  _call_sto |    000011CC  _nb_story |    000011FB  _nb_reloa
     00001276  _nb_tram_ |    0000128C  _nb_boat_ |    000012A2  _nb_tram_
     000012BB  _nb_reloa |    000012DB  _nb_reloa |    00001326  _nb_reloa
     00001353  _nb_reloa |    00001373  _nb_updat |    0000138C  _nb_play_
     000013A2  _nb_plane |    000013BD  _nb_water |    000013D6  _nb_get_s
     000013F0  _nb_draw_ |    00001409  _nb_decre |    0000141F  _nb_stats
     00001435  _nb_stats |    00001450  _nb_stats |    000014BA  _nb_story
     000014D3  _nb_load_ |    000014EB  _nb_load_ |    00001503  _nb_enabl
     00001519  _nb_disab |    0000152F  _nb_switc |    00001547  _nb_init_
     0000155D  _nb_rebui |    00001573  _nb_play_ |    00001589  _nb_play_
     0000159F  _nb_play_ |    000015B8  _nb_play_ |    000015CE  _nb_perfo
     000015E4  _nb_setup |    000015FC  _nb_load_ |    00001624  _call_upd
     0000163A  _call_upd |    00001650  _call_upd |    0000166B  _nb_play_
     00001681  _nb_play_ |    00001697  _nb_updat |    000016AD  _nb_get_t
     000016CA  _nb_get_t |    000016E7  _nb_get_e |    00001704  _nb_get_b
     00001726  _nb_move_ |    0000174D  _nb_updat |    00001763  _nb_updat
     00001779  _nb_cars_ |    0000178F  _nb_tram_ |    000017A5  _nb_boat_
     000017BB  _nb_draw_ |    000017D3  _nb_refre |    000017E9  _nb_updat
     000017FF  _nb_updat |    00001817  _nb_updat |    00001832  _nb_updat
     0000184A  _nb_add_b |    00001862  _nb_remov |    00001878  _nb_cars_
     0000188E  _nb_play_ |    000018A4  _nb_play_ |    000018BA  _nb_play_
     000018D0  _nb_play_ |    000018EF  _nb_get_s |    00001909  _nb_force
     0000191F  _nb_updat |    00001935  _nb_enabl |    0000194B  _nb_disab
     00001961  _nb_switc |    00001979  _nb_trigg |    000019D0  _nb_load_
     00001CC5  _nb_reloa |    00001D8E  _nb_reloa |    00001DAE  _nb_plane
     00001DC4  _nb_find_ |    00001DE5  _nb_langu |    00001DFB  _nb_main_
     00001E11  _nb_pause |    00001E27  _nb_show_ |    00001E3D  _nb_hide_
     00001E53  _font_loa |    00001E5A  font_load |    00001EA2  font_copy
     00001ED8  font_set  |    00001EE5  .put_char |    00001EFD  .out_char
     00001F03  .del_char |    00001F59  _putchar  |    00001F62  _setchar 
     00001F6B  _font_loa |    00001F79  _font_set |    00001F88  _font_ini
     00001FA7  .cls      |    00001FA7  _cls      |    00001FC9  _gotoxy  
     00001FD4  _posx     |    00001FE5  _posy     |    0000200D  .cr_curs 
     00002022  .adv_curs |    0000207E  .tmode    |    0000209B  .tmode_ou
     000020A4  _set_bkg_ |    000020A4  _set_win_ |    000020AC  _set_spri
     00002104  _abs      |    00002111  _set_win_ |    00002125  _set_tile
     0000212A  _set_bkg_ |    0000212A  _set_win_ |    00002132  _set_spri
     00002162  __modslon |    00002261  __modulon |    000022FE  __divslon
     000023FD  __divulon |    00002484  .padup    |    00002484  _waitpadu
     00002494  .jpad     |    00002494  _joypad   |    000024BC  _waitpad 
     000024BD  .wait_pad |    000024C4  _color    |    000024C4  _set_1bpp
     000024D3  .drawing_ |    000024F0  _font_ibm |    000028D1  .add_LCD 
     000028D1  _add_LCD  |    000028D7  .remove_L |    000028D7  _remove_L
     000028DD  .delay    |    000028DD  _delay    |    00002909  _font_min
     00002AB3  __mullong |    00002B9A  _set_bkg_ |    00002BAE  .set_xy_w
     00002BB7  .set_xy_b |    00002BC6  .set_xy_t
ASxxxx Linker V03.00/V05.40 + sdld,  page 23.
Hexadecimal  [32-Bits]

Area                       Addr        Size        Decimal Bytes (Attributes)
--------------------       ----        ----        ------- ----- ------------
_INITIALIZER           00002C0A    00000456 =        1110. bytes (REL,CON)

        Value  Global            Value  Global            Value  Global    
        -----  ------            -----  ------            -----  ------    
ASxxxx Linker V03.00/V05.40 + sdld,  page 24.
Hexadecimal  [32-Bits]

Area                       Addr        Size        Decimal Bytes (Attributes)
--------------------       ----        ----        ------- ----- ------------
_GSINIT                00003060    0000000C =          12. bytes (REL,CON)

        Value  Global            Value  Global            Value  Global    
        -----  ------            -----  ------            -----  ------    
     00003060  gsinit   
ASxxxx Linker V03.00/V05.40 + sdld,  page 25.
Hexadecimal  [32-Bits]

Area                       Addr        Size        Decimal Bytes (Attributes)
--------------------       ----        ----        ------- ----- ------------
_GSFINAL               0000306C    00000001 =           1. bytes (REL,CON)

        Value  Global            Value  Global            Value  Global    
        -----  ------            -----  ------            -----  ------    
ASxxxx Linker V03.00/V05.40 + sdld,  page 26.
Hexadecimal  [32-Bits]

Area                       Addr        Size        Decimal Bytes (Attributes)
--------------------       ----        ----        ------- ----- ------------
_DATA                  0000C0A0    00001A38 =        6712. bytes (REL,CON)

        Value  Global            Value  Global            Value  Global    
        -----  ------            -----  ------            -----  ------    
     0000C0A0  __cpu     |    0000C0A1  __is_GBA  |    0000C0A2  .mode    
     0000C0A3  .sys_time |    0000C0A3  _sys_time |    0000C0A5  .int_0x40
     0000C257  _game     |    0000C2B7  _ram_map  |    0000D2B7  _building
     0000D8B1  _building |    0000DABA  font_curr |    0000DABD  font_firs
     0000DABE  font_tabl |    0000DAD0  .int_0x48
ASxxxx Linker V03.00/V05.40 + sdld,  page 27.
Hexadecimal  [32-Bits]

Area                       Addr        Size        Decimal Bytes (Attributes)
--------------------       ----        ----        ------- ----- ------------
_INITIALIZED           0000DAD8    00000456 =        1110. bytes (REL,CON)

        Value  Global            Value  Global            Value  Global    
        -----  ------            -----  ------            -----  ------    
     0000DAD8  _curs_x   |    0000DAD9  _curs_y   |    0000DADA  _current_
     0000DADB  _force_re |    0000DADC  _building |    0000DADD  _baraque_
     0000DADE  _month_pa |    0000DADF  _is_menu_ |    0000DAE0  _cam_x   
     0000DAE2  _cam_y    |    0000DAE4  _cam_targ |    0000DAE6  _cam_targ
     0000DB38  _current_ |    0000DB39  _fast_mov |    0000DB3A  _is_selec
     0000DB3B  _current_ |    0000DB43  _current_ |    0000DB44  _alert_ti
     0000DB46  _flags_st |    0000DB48  _sub_tool |    0000DB4E  _cars_no_
     0000DB51  _tram_nee |    0000DB53  _mission_ |    0000DB73  _mission_
     0000DB93  _mission1 |    0000DBC3  _mission2 |    0000DBF3  _mission3
     0000DC23  _mission4 |    0000DC53  _current_ |    0000DC54  _strings_
     0000DDBC  _strings_ |    0000DF24  _boat_has |    0000DF28  .curx    
     0000DF29  .cury     |    0000DF2A  .fg_colou |    0000DF2A  __current
     0000DF2B  .bg_colou |    0000DF2C  .draw_mod |    0000DF2D  __map_til
ASxxxx Linker V03.00/V05.40 + sdld,  page 28.
Hexadecimal  [32-Bits]

Area                       Addr        Size        Decimal Bytes (Attributes)
--------------------       ----        ----        ------- ----- ------------
_HRAM                  0000FF80    00000013 =          19. bytes (REL,CON)

        Value  Global            Value  Global            Value  Global    
        -----  ------            -----  ------            -----  ------    
     0000FF80  .refresh_ |    0000FF90  __current |    0000FF91  __vbl_don
     0000FF92  __shadow_
ASxxxx Linker V03.00/V05.40 + sdld,  page 29.
Hexadecimal  [32-Bits]

Area                       Addr        Size        Decimal Bytes (Attributes)
--------------------       ----        ----        ------- ----- ------------
_CODE_7                00074000    00002890 =       10384. bytes (REL,CON)

        Value  Global            Value  Global            Value  Global    
        -----  ------            -----  ------            -----  ------    
     00074000  _game_mai |    00074F0B  _stats_dr |    0007503E  _stats_dr
     000752B6  _stats_dr |    00075492  _stats_dr |    00075646  _stats_dr
     00075795  _stats_dr |    000760EE  _stats_dr |    000761F1  _stats_dr
     0007643C  _stats_dr |    000766F5  _stats_dr
ASxxxx Linker V03.00/V05.40 + sdld,  page 30.
Hexadecimal  [32-Bits]

Area                       Addr        Size        Decimal Bytes (Attributes)
--------------------       ----        ----        ------- ----- ------------
_CODE_1                00014000    0000398A =       14730. bytes (REL,CON)

        Value  Global            Value  Global            Value  Global    
        -----  ------            -----  ------            -----  ------    
     00014000  _enable_s |    00014006  _disable_ |    0001400C  _switch_r
     00014010  _perform_ |    000140E3  _init_gam |    000141FD  _play_sou
     0001420E  _play_sou |    0001421F  _play_sou |    00014236  _play_sou
     0001424B  _play_sou |    00014260  _play_des |    0001430A  _play_sou
     00014328  _play_eng |    00014338  _stop_eng |    00014340  _get_tool
     00014390  _building |    000143D0  _get_tool |    0001443A  _get_eras
     0001462E  _get_buil |    0001467A  _get_max_ |    000146E6  _update_b
     0001486C  _refresh_ |    00014947  _add_buil |    000149B7  _remove_b
     00014AB6  _rebuild_ |    00014DAD  _get_sub_ |    00014DBC  _reset_su
     00014DC1  _update_s |    000151F0  _sub_tool |    00015208  _is_area_
     00015285  _plot_bui |    0001532D  _update_g |    000159B8  _update_s
     000159C0  _draw_hud |    00015B90  _update_h |    00015CD7  _move_lim
     00015D20  _logo_scr |    00015F9C  _story_di |    000162B9  _move_cur
     0001671A  _force_cu |    00016737  _trigger_ |    000167FA  _trigger_
     000168B0  _setup_st |    000169A2  _update_r |    00016C0E  _cars_ini
     00016C64  _cars_upd |    00017046  _tram_ini |    00017093  _tram_upd
     00017684  _boat_ini |    000176A8  _boat_upd
ASxxxx Linker V03.00/V05.40 + sdld,  page 31.
Hexadecimal  [32-Bits]

Area                       Addr        Size        Decimal Bytes (Attributes)
--------------------       ----        ----        ------- ----- ------------
_CODE_3                00034000    00003272 =       12914. bytes (REL,CON)

        Value  Global            Value  Global            Value  Global    
        -----  ------            -----  ------            -----  ------    
     000341FD  _find_bui |    00034E84  _show_upg |    000350BF  _show_bui
     00035293  _tile_dat |    00035493  _cursor_d |    000354E3  _menu_ico
     00035563  _shop     |    00035663  _icon01   |    000356A3  _limousin
     00035853  _specialC |    000358C3  _fleche   |    000358D3  _penultim
     000359B3  _titleEl  |    000359F3  _titlePre |    00035B13  _basicCom
     00035B53  _iconBuil |    00035B93  _iconRes  |    00035BD3  _iconGov 
     00035C13  _iconMine |    00035C53  _iconEner |    00035C93  _iconCatR
     00035CD3  _iconSubR |    00035D13  _iconSubD |    00035D53  _farmish 
     00035DE3  _plantati |    00035E23  _iconSubH |    00035E63  _iconSubS
     00035EA3  _iconSubF |    00035EE3  _iconSubF |    00035F23  _iconSubP
     00035F63  _iconSubW |    00035FA3  _sawmill  |    000360A3  _police  
     000360E3  _iconSubP |    00036123  _church   |    000361B3  _iconSubC
     000361F3  _hospital |    000362F3  _iconSubH |    00036333  _iconSubS
     00036373  _power    |    00036473  _mine     |    00036573  _iconSubM
     000365B3  _iconCatL |    000365F3  _iconSubB |    00036633  _iconSubM
     00036673  _iconSubU |    000366B3  _mediaDis |    00036743  _baraque 
     00036783  _road_x6  |    000367E3  _road_int |    00036813  _dollar  
     00036823  _date_til |    000368D3  _hud_extr |    00036913  _cursor_t
     00036923  _flash    |    00036933  _car_tile |    00036943  _car_tile
     00036953  _car_tile |    00036963  _car_tile |    00036973  _water   
     000369D3  _charb    |    000369E3  _port     |    00036A23  _iconSubP
     00036A63  _oneTileH |    00036A73  _iconSubO |    00036AB3  _tram    
     00036AF3  _boat     |    00036B33  _boatBack |    00036B73  _interrog
     00036B83  _troisCot |    00036BB3  _plane_lo |    00036CBA  _plane_in
     00036CD2  _plane_up |    00036F5A  _water_an
ASxxxx Linker V03.00/V05.40 + sdld,  page 32.
Hexadecimal  [32-Bits]

Area                       Addr        Size        Decimal Bytes (Attributes)
--------------------       ----        ----        ------- ----- ------------
_CODE_5                00054000    000028E9 =       10473. bytes (REL,CON)

        Value  Global            Value  Global            Value  Global    
        -----  ------            -----  ------            -----  ------    
     000541EE  _update_e |    00055C67  _copy_mis
ASxxxx Linker V03.00/V05.40 + sdld,  page 33.
Hexadecimal  [32-Bits]

Area                       Addr        Size        Decimal Bytes (Attributes)
--------------------       ----        ----        ------- ----- ------------
_CODE_6                00064000    00001F06 =        7942. bytes (REL,CON)

        Value  Global            Value  Global            Value  Global    
        -----  ------            -----  ------            -----  ------    
     000641EE  _update_e |    000641F4  _update_e
ASxxxx Linker V03.00/V05.40 + sdld,  page 34.
Hexadecimal  [32-Bits]

Area                       Addr        Size        Decimal Bytes (Attributes)
--------------------       ----        ----        ------- ----- ------------
_CODE_2                00024000    00003BB6 =       15286. bytes (REL,CON)

        Value  Global            Value  Global            Value  Global    
        -----  ------            -----  ------            -----  ------    
     00024000  _confirm_ |    00024209  _wipe_slo |    0002422E  _load_sav
     0002477C  _save_sto |    00024EC9  _load_sto |    0002509B  _main_men
     0002521E  _pause_me |    0002566C  _confirm_ |    00025806  _story_su
     00025B17  _language |    00025BFF  _init_lan |    00025C06  _get_text
     0002722C  _intro_bu |    0002762C  _generate |    000276FB  _display_
     000277F8  _intro_ti |    00027993  _show_min
ASxxxx Linker V03.00/V05.40 + sdld,  page 35.
Hexadecimal  [32-Bits]

Area                       Addr        Size        Decimal Bytes (Attributes)
--------------------       ----        ----        ------- ----- ------------
_CODE_4                00044000    0000204B =        8267. bytes (REL,CON)

        Value  Global            Value  Global            Value  Global    
        -----  ------            -----  ------            -----  ------    
     00044000  _story_ge |    000442C1  _story_mo |    00044413  _map_miss
     00045413  _draw_men |    000454E7  _font_lc_ |    000456A7  _menu_bor
     00045CAE  _decrets_ |    00045EB0  _stats_sc
ASxxxx Linker V03.00/V05.40 + sdld,  page 36.
Hexadecimal  [32-Bits]

Area                       Addr        Size        Decimal Bytes (Attributes)
--------------------       ----        ----        ------- ----- ------------
_FONT_HEADER0          00000000    00000003 =           3. bytes (ABS,CON)

        Value  Global            Value  Global            Value  Global    
        -----  ------            -----  ------            -----  ------    
ASxxxx Linker V03.00/V05.40 + sdld,  page 37.
Hexadecimal  [32-Bits]

Area                       Addr        Size        Decimal Bytes (Attributes)
--------------------       ----        ----        ------- ----- ------------
_HEADER_LCD0           00000000    00000003 =           3. bytes (ABS,CON)

        Value  Global            Value  Global            Value  Global    
        -----  ------            -----  ------            -----  ------    
ASxxxx Linker V03.00/V05.40 + sdld,  page 38.

Files Linked                              [ module(s) ]

C:\GB\aclean178afterDecree\lib/gb/crt0.o  [ Runtime ]
main_entry.o                              [ main_entry ]
main.o                                    [ main ]
game_state.o                              [ game_state ]
graphics.o                                [ graphics ]
audio.o                                   [ audio ]
logic.o                                   [ logic ]
economy.o                                 [ economy ]
economy_update.o                          [ economy_update ]
economy_tick.o                            [ economy_tick ]
assets.o                                  [ assets ]
save.o                                    [ save ]
menus.o                                   [ menus ]
missions.o                                [ missions ]
lang.o                                    [ lang ]
intro.o                                   [ intro ]
minimap.o                                 [ minimap ]
story_mode.o                              [ story_mode ]
map_mission1_water.o                      [ map_mission1_water ]
boat.o                                    [ boat ]
menu_assets.o                             [ menu_assets ]
decrets.o                                 [ decrets ]
stats_screen.o                            [ stats_screen ]
plane.o                                   [ plane ]
stats_pages.o                             [ stats_pages ]


Libraries Linked                          [ object file ]

C:\GB\aclean178afterDecree\lib/sm83/sm83.lib
                                          [ div.o ]
C:\GB\aclean178afterDecree\lib/gb/gb.lib  [ font.o ]
C:\GB\aclean178afterDecree\lib/gb/gb.lib  [ set_1bit_data.o ]
C:\GB\aclean178afterDecree\lib/gb/gb.lib  [ sfr.o ]
C:\GB\aclean178afterDecree\lib/sm83/sm83.lib
                                          [ abs.o ]
C:\GB\aclean178afterDecree\lib/gb/gb.lib  [ set_wi_t.o ]
C:\GB\aclean178afterDecree\lib/gb/gb.lib  [ set_data.o ]
C:\GB\aclean178afterDecree\lib/gb/gb.lib  [ set_tile.o ]
C:\GB\aclean178afterDecree\lib/sm83/sm83.lib
                                          [ mul.o ]
C:\GB\aclean178afterDecree\lib/sm83/sm83.lib
                                          [ _modslong.o ]
C:\GB\aclean178afterDecree\lib/sm83/sm83.lib
                                          [ _modulong.o ]
C:\GB\aclean178afterDecree\lib/sm83/sm83.lib
                                          [ _divslong.o ]
C:\GB\aclean178afterDecree\lib/sm83/sm83.lib
                                          [ _divulong.o ]
C:\GB\aclean178afterDecree\lib/gb/gb.lib  [ pad.o ]
C:\GB\aclean178afterDecree\lib/sm83/sm83.lib
                                          [ memcpy.o ]
C:\GB\aclean178afterDecree\lib/gb/gb.lib  [ color.o ]
C:\GB\aclean178afterDecree\lib/gb/gb.lib  [ drawing_isr.o ]
C:\GB\aclean178afterDecree\lib/gb/gb.lib  [ f_ibm_sh.o ]
C:\GB\aclean178afterDecree\lib/gb/gb.lib  [ lcd.o ]
C:\GB\aclean178afterDecree\lib/gb/gb.lib  [ delay.o ]
C:\GB\aclean178afterDecree\lib/gb/gb.lib  [ f_min.o ]
C:\GB\aclean178afterDecree\lib/sm83/sm83.lib
                                          [ _mullong.o ]
C:\GB\aclean178afterDecree\lib/gb/gb.lib  [ set_bk_t.o ]
C:\GB\aclean178afterDecree\lib/gb/gb.lib  [ set_xy_t.o ]

ASxxxx Linker V03.00/V05.40 + sdld,  page 39.

User Base Address Definitions

_DATA=0xC0A0
_CODE=0x0200
_HRAM=0xFF80
ASxxxx Linker V03.00/V05.40 + sdld,  page 40.

User Global Definitions

_shadow_OAM=0xC000
.STACK=0xE000

