ASxxxx Linker V03.00/V05.40 + sdld,  page 1.
Hexadecimal  [32-Bits]

Area                       Addr        Size        Decimal Bytes (Attributes)
--------------------       ----        ----        ------- ----- ------------
.  .ABS.               00000000    00000000 =           0. bytes (ABS,CON)

        Value  Global            Value  Global            Value  Global    
        -----  ------            -----  ------            -----  ------    
     00000000  .__.ABS.  |    00000000  _rMBC7_SR |    00000000  _rRAMG   
     00000000  l__BASE   |    00000000  l__BSS    |    00000000  l__CABS  
     00000000  l__CODE_0 |    00000000  l__DABS   |    00000000  l__FONT_H
     00000000  l__HEADER |    00000000  l__HEADER |    00000000  l__HEAP  
     00000000  l__HEAP_E |    00000000  l__LIT    |    00000000  s__CABS  
     00000000  s__DABS   |    00000000  s__FONT_H |    00000000  s__FONT_H
     00000000  s__HEADER |    00000000  s__HEADER |    00000000  s__HEADER
     00000000  s__HEADER |    00000000  s__HEADER |    00000000  s__HEADER
     00000000  s__HEADER |    00000000  s__HEADER |    00000000  s__HEADER
     00000000  s__HEADER |    00000000  s__HEADER |    00000000  s__HEADER
     00000000  s__HEADER |    00000000  s__HEADER |    00000000  s__HEADER
     00000000  s__HEADER |    00000000  s__HEADER |    00000000  s__HEADER
     00000000  s__HEADER |    00000000  s__HEADER |    00000000  s__HEADER
     00000001  l__GSFINA |    00000001  l__HEADER |    00000001  l__HEADER
     00000001  l__HEADER |    00000001  l__HEADER |    00000001  l__HEADER
     00000001  l__HEADER |    00000001  l__HEADER |    00000002  l__HEADER
     00000002  l__HEADER |    00000002  l__HEADER |    00000003  l__FONT_H
     00000003  l__HEADER |    00000003  l__HEADER |    00000005  l__HEADER
     00000006  l__HEADER |    00000007  l__HEADER |    00000008  l__HEADER
     0000000C  l__GSINIT |    00000013  l__HRAM   |    00000030  l__HEADER
     00000060  l__HEADER |    000000AB  l__HEADER |    00000200  s__CODE  
     00000456  l__INITIA |    00000456  l__INITIA |    00000EC3  l__CODE_7
     00000EC6  l__CODE   |    000010C6  s__HOME   |    00001A38  l__DATA  
     00001AF2  l__HOME   |    00001F06  l__CODE_6 |    00002000  _rROMB0  
     00002912  l__CODE_5 |    00002BB8  s__BASE   |    00002BB8  s__CODE_0
     00002BB8  s__INITIA |    00002BB8  s__LIT    |    00003000  _rROMB1  
     0000300E  s__GSINIT |    0000301A  s__GSFINA |    000030F9  l__CODE_3
     000039AB  l__CODE_1 |    00003A0A  l__CODE_4 |    00003B45  l__CODE_2
     00004000  _rMBC7_SR |    00004000  _rRAMB    |    00008000  __VRAM   
     00008000  __VRAM800 |    00008800  __VRAM880 |    00009000  __VRAM900
     00009800  __SCRN0   |    00009C00  __SCRN1   |    0000A000  __SRAM   
     0000A000  _rMBC7_LA |    0000A010  _rMBC7_LA |    0000A020  _rMBC7_AC
     0000A030  _rMBC7_AC |    0000A040  _rMBC7_AC |    0000A050  _rMBC7_AC
     0000C000  __RAM     |    0000C000  _shadow_O |    0000C0A0  s__DATA  
     0000D000  __RAMBANK |    0000DAD8  s__BSS    |    0000DAD8  s__INITIA
     0000DF2E  s__HEAP   |    0000DF2E  s__HEAP_E |    0000E000  .STACK   
     0000FE00  __OAMRAM  |    0000FF00  _P1_REG   |    0000FF00  __IO     
     0000FF01  _SB_REG   |    0000FF02  _SC_REG   |    0000FF04  _DIV_REG 
     0000FF05  _TIMA_REG |    0000FF06  _TMA_REG  |    0000FF07  _TAC_REG 
     0000FF0F  _IF_REG   |    0000FF10  _NR10_REG |    0000FF11  _NR11_REG
     0000FF12  _NR12_REG |    0000FF13  _NR13_REG |    0000FF14  _NR14_REG
     0000FF16  _NR21_REG |    0000FF17  _NR22_REG |    0000FF18  _NR23_REG
     0000FF19  _NR24_REG |    0000FF1A  _NR30_REG |    0000FF1B  _NR31_REG
     0000FF1C  _NR32_REG |    0000FF1D  _NR33_REG |    0000FF1E  _NR34_REG
     0000FF20  _NR41_REG |    0000FF21  _NR42_REG |    0000FF22  _NR43_REG
     0000FF23  _NR44_REG |    0000FF24  _NR50_REG |    0000FF25  _NR51_REG
     0000FF26  _NR52_REG |    0000FF30  _AUD3WAVE |    0000FF30  _PCM_SAMP
     0000FF30  __AUD3WAV |    0000FF40  _LCDC_REG |    0000FF41  _STAT_REG
     0000FF42  _SCY_REG  |    0000FF43  _SCX_REG  |    0000FF44  _LY_REG  
     0000FF45  _LYC_REG  |    0000FF46  _DMA_REG  |    0000FF47  _BGP_REG 
ASxxxx Linker V03.00/V05.40 + sdld,  page 2.
Hexadecimal  [32-Bits]

Area                       Addr        Size        Decimal Bytes (Attributes)
--------------------       ----        ----        ------- ----- ------------
.  .ABS.               00000000    00000000 =           0. bytes (ABS,CON)

        Value  Global            Value  Global            Value  Global    
        -----  ------            -----  ------            -----  ------    
     0000FF48  _OBP0_REG |    0000FF49  _OBP1_REG |    0000FF4A  _WY_REG  
     0000FF4B  _WX_REG   |    0000FF4D  _KEY1_REG |    0000FF4F  _VBK_REG 
     0000FF51  _HDMA1_RE |    0000FF52  _HDMA2_RE |    0000FF53  _HDMA3_RE
     0000FF54  _HDMA4_RE |    0000FF55  _HDMA5_RE |    0000FF56  _RP_REG  
     0000FF68  _BCPS_REG |    0000FF69  _BCPD_REG |    0000FF6A  _OCPS_REG
     0000FF6B  _OCPD_REG |    0000FF70  _SVBK_REG |    0000FF76  _PCM12_RE
     0000FF77  _PCM34_RE |    0000FF80  __HRAM    |    0000FF80  s__HRAM  
     0000FFFF  _IE_REG   |    00014000  s__CODE_1 |    00024000  s__CODE_2
     00034000  s__CODE_3 |    00044000  s__CODE_4 |    00054000  s__CODE_5
     00064000  s__CODE_6 |    00074000  s__CODE_7
ASxxxx Linker V03.00/V05.40 + sdld,  page 3.
Hexadecimal  [32-Bits]

Area                       Addr        Size        Decimal Bytes (Attributes)
--------------------       ----        ----        ------- ----- ------------
_CODE                  00000200    00000EC6 =        3782. bytes (REL,CON)

        Value  Global            Value  Global            Value  Global    
        -----  ------            -----  ------            -----  ------    
     00000200  _main     |    0000020C  _load_low |    0000022D  _load_men
     00000264  _restore_ |    0000029F  _draw_pre |    00000346  _restore_
     000003F5  _draw_tex |    000005ED  _draw_num |    000006FF  _clear_en
     00000741  _fade_out |    0000076A  _fade_in  |    00000795  _draw_pen
     00000834  _animate_ |    000008A6  _draw_til |    000008FC  _update_v
     000009C5  _scroll_c |    00000C85  _draw_tex |    00000E60  _load_pen
     00000E80  _load_por |    00000EA0  _show_men |    00000EB0  _hide_men
     00000ED8  _hide_veh |    00000F27  __divsuch |    00000F2D  __modsuch
     00000F36  __divusch |    00000F3F  __modusch |    00000F4B  __divscha
     00000F50  __modscha |    00000F57  __divsint |    00000F60  __modsint
     00000F6C  __divucha |    00000F71  __moducha |    00000F78  __divuint
     00000F81  __moduint |    00000F8D  .div8     |    00000F8D  .mod8    
     00000F95  .div16    |    00000F95  .mod16    |    00000FCB  .divu8   
     00000FCB  .modu8    |    00000FCE  .divu16   |    00000FCE  .modu16  
     0000100E  _set_vram |    00001017  _set_win_ |    00001020  _set_bkg_
     0000104F  __mulsuch |    00001052  __mulusch |    0000105B  __mulscha
     00001063  __mulint  |    00001082  __mulucha |    00001094  ___memcpy
     00001094  _memcpy  
ASxxxx Linker V03.00/V05.40 + sdld,  page 4.
Hexadecimal  [32-Bits]

Area                       Addr        Size        Decimal Bytes (Attributes)
--------------------       ----        ----        ------- ----- ------------
_HEADER0               00000000    00000001 =           1. bytes (ABS,CON)

        Value  Global            Value  Global            Value  Global    
        -----  ------            -----  ------            -----  ------    
     00000020  .call_hl 
ASxxxx Linker V03.00/V05.40 + sdld,  page 5.
Hexadecimal  [32-Bits]

Area                       Addr        Size        Decimal Bytes (Attributes)
--------------------       ----        ----        ------- ----- ------------
_HEADER1               00000000    00000005 =           5. bytes (ABS,CON)

        Value  Global            Value  Global            Value  Global    
        -----  ------            -----  ------            -----  ------    
     00000028  .MemsetSm
ASxxxx Linker V03.00/V05.40 + sdld,  page 6.
Hexadecimal  [32-Bits]

Area                       Addr        Size        Decimal Bytes (Attributes)
--------------------       ----        ----        ------- ----- ------------
_HEADER2               00000000    00000007 =           7. bytes (ABS,CON)

        Value  Global            Value  Global            Value  Global    
        -----  ------            -----  ------            -----  ------    
     00000030  .MemcpySm
ASxxxx Linker V03.00/V05.40 + sdld,  page 7.
Hexadecimal  [32-Bits]

Area                       Addr        Size        Decimal Bytes (Attributes)
--------------------       ----        ----        ------- ----- ------------
_HEADER3               00000000    00000008 =           8. bytes (ABS,CON)

        Value  Global            Value  Global            Value  Global    
        -----  ------            -----  ------            -----  ------    
ASxxxx Linker V03.00/V05.40 + sdld,  page 8.
Hexadecimal  [32-Bits]

Area                       Addr        Size        Decimal Bytes (Attributes)
--------------------       ----        ----        ------- ----- ------------
_HEADER4               00000000    00000060 =          96. bytes (ABS,CON)

        Value  Global            Value  Global            Value  Global    
        -----  ------            -----  ------            -----  ------    
     00000080  .int      |    0000008F  _wait_int |    0000009C  __standar
     000000AB  _refresh_ |    000000CC  _set_inte
ASxxxx Linker V03.00/V05.40 + sdld,  page 9.
Hexadecimal  [32-Bits]

Area                       Addr        Size        Decimal Bytes (Attributes)
--------------------       ----        ----        ------- ----- ------------
_HEADER5               00000000    00000001 =           1. bytes (ABS,CON)

        Value  Global            Value  Global            Value  Global    
        -----  ------            -----  ------            -----  ------    
ASxxxx Linker V03.00/V05.40 + sdld,  page 10.
Hexadecimal  [32-Bits]

Area                       Addr        Size        Decimal Bytes (Attributes)
--------------------       ----        ----        ------- ----- ------------
_HEADER6               00000000    00000002 =           2. bytes (ABS,CON)

        Value  Global            Value  Global            Value  Global    
        -----  ------            -----  ------            -----  ------    
ASxxxx Linker V03.00/V05.40 + sdld,  page 11.
Hexadecimal  [32-Bits]

Area                       Addr        Size        Decimal Bytes (Attributes)
--------------------       ----        ----        ------- ----- ------------
_HEADER7               00000000    00000030 =          48. bytes (ABS,CON)

        Value  Global            Value  Global            Value  Global    
        -----  ------            -----  ------            -----  ------    
ASxxxx Linker V03.00/V05.40 + sdld,  page 12.
Hexadecimal  [32-Bits]

Area                       Addr        Size        Decimal Bytes (Attributes)
--------------------       ----        ----        ------- ----- ------------
_HEADER8               00000000    00000006 =           6. bytes (ABS,CON)

        Value  Global            Value  Global            Value  Global    
        -----  ------            -----  ------            -----  ------    
ASxxxx Linker V03.00/V05.40 + sdld,  page 13.
Hexadecimal  [32-Bits]

Area                       Addr        Size        Decimal Bytes (Attributes)
--------------------       ----        ----        ------- ----- ------------
_HEADER9               00000000    00000003 =           3. bytes (ABS,CON)

        Value  Global            Value  Global            Value  Global    
        -----  ------            -----  ------            -----  ------    
ASxxxx Linker V03.00/V05.40 + sdld,  page 14.
Hexadecimal  [32-Bits]

Area                       Addr        Size        Decimal Bytes (Attributes)
--------------------       ----        ----        ------- ----- ------------
_HEADERa               00000000    00000001 =           1. bytes (ABS,CON)

        Value  Global            Value  Global            Value  Global    
        -----  ------            -----  ------            -----  ------    
ASxxxx Linker V03.00/V05.40 + sdld,  page 15.
Hexadecimal  [32-Bits]

Area                       Addr        Size        Decimal Bytes (Attributes)
--------------------       ----        ----        ------- ----- ------------
_HEADERb               00000000    00000001 =           1. bytes (ABS,CON)

        Value  Global            Value  Global            Value  Global    
        -----  ------            -----  ------            -----  ------    
ASxxxx Linker V03.00/V05.40 + sdld,  page 16.
Hexadecimal  [32-Bits]

Area                       Addr        Size        Decimal Bytes (Attributes)
--------------------       ----        ----        ------- ----- ------------
_HEADERc               00000000    00000001 =           1. bytes (ABS,CON)

        Value  Global            Value  Global            Value  Global    
        -----  ------            -----  ------            -----  ------    
ASxxxx Linker V03.00/V05.40 + sdld,  page 17.
Hexadecimal  [32-Bits]

Area                       Addr        Size        Decimal Bytes (Attributes)
--------------------       ----        ----        ------- ----- ------------
_HEADERd               00000000    00000002 =           2. bytes (ABS,CON)

        Value  Global            Value  Global            Value  Global    
        -----  ------            -----  ------            -----  ------    
ASxxxx Linker V03.00/V05.40 + sdld,  page 18.
Hexadecimal  [32-Bits]

Area                       Addr        Size        Decimal Bytes (Attributes)
--------------------       ----        ----        ------- ----- ------------
_HEADERe               00000000    00000001 =           1. bytes (ABS,CON)

        Value  Global            Value  Global            Value  Global    
        -----  ------            -----  ------            -----  ------    
ASxxxx Linker V03.00/V05.40 + sdld,  page 19.
Hexadecimal  [32-Bits]

Area                       Addr        Size        Decimal Bytes (Attributes)
--------------------       ----        ----        ------- ----- ------------
_HEADERf               00000000    00000001 =           1. bytes (ABS,CON)

        Value  Global            Value  Global            Value  Global    
        -----  ------            -----  ------            -----  ------    
ASxxxx Linker V03.00/V05.40 + sdld,  page 20.
Hexadecimal  [32-Bits]

Area                       Addr        Size        Decimal Bytes (Attributes)
--------------------       ----        ----        ------- ----- ------------
_HEADER10              00000000    00000002 =           2. bytes (ABS,CON)

        Value  Global            Value  Global            Value  Global    
        -----  ------            -----  ------            -----  ------    
ASxxxx Linker V03.00/V05.40 + sdld,  page 21.
Hexadecimal  [32-Bits]

Area                       Addr        Size        Decimal Bytes (Attributes)
--------------------       ----        ----        ------- ----- ------------
_HEADER11              00000000    000000AB =         171. bytes (ABS,CON)

        Value  Global            Value  Global            Value  Global    
        -----  ------            -----  ------            -----  ------    
     00000150  .reset    |    00000150  _reset    |    00000157  .code_sta
     000001B9  _exit     |    000001BD  .wait_vbl |    000001BD  _vsync   
     000001BD  _wait_vbl |    000001CD  .remove_V |    000001CD  _remove_V
     000001D0  .remove_i |    000001ED  .add_VBL  |    000001ED  _add_VBL 
     000001F0  .add_int 
ASxxxx Linker V03.00/V05.40 + sdld,  page 22.
Hexadecimal  [32-Bits]

Area                       Addr        Size        Decimal Bytes (Attributes)
--------------------       ----        ----        ------- ----- ------------
_HOME                  000010C6    00001AF2 =        6898. bytes (REL,CON)

        Value  Global            Value  Global            Value  Global    
        -----  ------            -----  ------            -----  ------    
     000010C6  .memset_s |    000010CF  .memcpy_s |    000010EC  .display_
     000010EC  _display_ |    00001104  _nb_get_m |    0000114B  _nb_get_t
     000011A2  _nb_get_m |    000011BA  _call_int |    000011D3  _call_sho
     000011E9  _call_sto |    000011FF  _nb_story |    0000122E  _nb_reloa
     000012A9  _nb_tram_ |    000012BF  _nb_boat_ |    000012D5  _nb_tram_
     000012EE  _nb_reloa |    0000130E  _nb_reloa |    00001359  _nb_reloa
     00001386  _nb_reloa |    000013A6  _nb_updat |    000013BF  _nb_play_
     000013D5  _nb_plane |    000013F0  _nb_water |    00001409  _nb_get_s
     00001423  _nb_draw_ |    0000143C  _nb_decre |    00001452  _nb_stats
     00001468  _nb_story |    00001481  _nb_load_ |    00001499  _nb_load_
     000014B1  _nb_enabl |    000014C7  _nb_disab |    000014DD  _nb_switc
     000014F5  _nb_init_ |    0000150B  _nb_rebui |    00001521  _nb_play_
     00001537  _nb_play_ |    0000154D  _nb_play_ |    00001566  _nb_play_
     0000157C  _nb_perfo |    00001592  _nb_setup |    000015AA  _nb_load_
     000015D2  _call_upd |    000015E8  _call_upd |    000015FE  _call_upd
     00001619  _nb_play_ |    0000162F  _nb_play_ |    00001645  _nb_updat
     0000165B  _nb_get_t |    00001678  _nb_get_t |    00001695  _nb_get_e
     000016B2  _nb_get_b |    000016D4  _nb_move_ |    000016FB  _nb_updat
     00001711  _nb_updat |    00001727  _nb_cars_ |    0000173D  _nb_tram_
     00001753  _nb_boat_ |    00001769  _nb_draw_ |    00001781  _nb_refre
     00001797  _nb_updat |    000017AD  _nb_updat |    000017C5  _nb_updat
     000017E0  _nb_updat |    000017F8  _nb_add_b |    00001810  _nb_remov
     00001826  _nb_cars_ |    0000183C  _nb_play_ |    00001852  _nb_play_
     00001868  _nb_play_ |    0000187E  _nb_play_ |    0000189D  _nb_get_s
     000018B7  _nb_force |    000018CD  _nb_updat |    000018E3  _nb_enabl
     000018F9  _nb_disab |    0000190F  _nb_switc |    00001927  _nb_trigg
     0000197E  _nb_load_ |    00001C73  _nb_reloa |    00001D3C  _nb_reloa
     00001D5C  _nb_plane |    00001D72  _nb_find_ |    00001D93  _nb_langu
     00001DA9  _nb_main_ |    00001DBF  _nb_pause |    00001DD5  _nb_show_
     00001DEB  _nb_hide_ |    00001E01  _font_loa |    00001E08  font_load
     00001E50  font_copy |    00001E86  font_set  |    00001E93  .put_char
     00001EAB  .out_char |    00001EB1  .del_char |    00001F07  _putchar 
     00001F10  _setchar  |    00001F19  _font_loa |    00001F27  _font_set
     00001F36  _font_ini |    00001F55  .cls      |    00001F55  _cls     
     00001F77  _gotoxy   |    00001F82  _posx     |    00001F93  _posy    
     00001FBB  .cr_curs  |    00001FD0  .adv_curs |    0000202C  .tmode   
     00002049  .tmode_ou |    00002052  _set_bkg_ |    00002052  _set_win_
     0000205A  _set_spri |    000020B2  _abs      |    000020BF  _set_win_
     000020D3  _set_tile |    000020D8  _set_bkg_ |    000020D8  _set_win_
     000020E0  _set_spri |    00002110  __modslon |    0000220F  __modulon
     000022AC  __divslon |    000023AB  __divulon |    00002432  .padup   
     00002432  _waitpadu |    00002442  .jpad     |    00002442  _joypad  
     0000246A  _waitpad  |    0000246B  .wait_pad |    00002472  _color   
     00002472  _set_1bpp |    00002481  .drawing_ |    0000249E  _font_ibm
     0000287F  .add_LCD  |    0000287F  _add_LCD  |    00002885  .remove_L
     00002885  _remove_L |    0000288B  .delay    |    0000288B  _delay   
     000028B7  _font_min |    00002A61  __mullong |    00002B48  _set_bkg_
     00002B5C  .set_xy_w |    00002B65  .set_xy_b |    00002B74  .set_xy_t
ASxxxx Linker V03.00/V05.40 + sdld,  page 23.
Hexadecimal  [32-Bits]

Area                       Addr        Size        Decimal Bytes (Attributes)
--------------------       ----        ----        ------- ----- ------------
_INITIALIZER           00002BB8    00000456 =        1110. bytes (REL,CON)

        Value  Global            Value  Global            Value  Global    
        -----  ------            -----  ------            -----  ------    
ASxxxx Linker V03.00/V05.40 + sdld,  page 24.
Hexadecimal  [32-Bits]

Area                       Addr        Size        Decimal Bytes (Attributes)
--------------------       ----        ----        ------- ----- ------------
_GSINIT                0000300E    0000000C =          12. bytes (REL,CON)

        Value  Global            Value  Global            Value  Global    
        -----  ------            -----  ------            -----  ------    
     0000300E  gsinit   
ASxxxx Linker V03.00/V05.40 + sdld,  page 25.
Hexadecimal  [32-Bits]

Area                       Addr        Size        Decimal Bytes (Attributes)
--------------------       ----        ----        ------- ----- ------------
_GSFINAL               0000301A    00000001 =           1. bytes (REL,CON)

        Value  Global            Value  Global            Value  Global    
        -----  ------            -----  ------            -----  ------    
ASxxxx Linker V03.00/V05.40 + sdld,  page 26.
Hexadecimal  [32-Bits]

Area                       Addr        Size        Decimal Bytes (Attributes)
--------------------       ----        ----        ------- ----- ------------
_DATA                  0000C0A0    00001A38 =        6712. bytes (REL,CON)

        Value  Global            Value  Global            Value  Global    
        -----  ------            -----  ------            -----  ------    
     0000C0A0  __cpu     |    0000C0A1  __is_GBA  |    0000C0A2  .mode    
     0000C0A3  .sys_time |    0000C0A3  _sys_time |    0000C0A5  .int_0x40
     0000C257  _game     |    0000C2B7  _ram_map  |    0000D2B7  _building
     0000D8B1  _building |    0000DABA  font_curr |    0000DABD  font_firs
     0000DABE  font_tabl |    0000DAD0  .int_0x48
ASxxxx Linker V03.00/V05.40 + sdld,  page 27.
Hexadecimal  [32-Bits]

Area                       Addr        Size        Decimal Bytes (Attributes)
--------------------       ----        ----        ------- ----- ------------
_INITIALIZED           0000DAD8    00000456 =        1110. bytes (REL,CON)

        Value  Global            Value  Global            Value  Global    
        -----  ------            -----  ------            -----  ------    
     0000DAD8  _curs_x   |    0000DAD9  _curs_y   |    0000DADA  _current_
     0000DADB  _force_re |    0000DADC  _building |    0000DADD  _baraque_
     0000DADE  _month_pa |    0000DADF  _is_menu_ |    0000DAE0  _cam_x   
     0000DAE2  _cam_y    |    0000DAE4  _cam_targ |    0000DAE6  _cam_targ
     0000DB38  _current_ |    0000DB39  _fast_mov |    0000DB3A  _is_selec
     0000DB3B  _current_ |    0000DB43  _current_ |    0000DB44  _alert_ti
     0000DB46  _flags_st |    0000DB48  _sub_tool |    0000DB4E  _cars_no_
     0000DB51  _tram_nee |    0000DB53  _mission_ |    0000DB73  _mission_
     0000DB93  _mission1 |    0000DBC3  _mission2 |    0000DBF3  _mission3
     0000DC23  _mission4 |    0000DC53  _current_ |    0000DC54  _strings_
     0000DDBC  _strings_ |    0000DF24  _boat_has |    0000DF28  .curx    
     0000DF29  .cury     |    0000DF2A  .fg_colou |    0000DF2A  __current
     0000DF2B  .bg_colou |    0000DF2C  .draw_mod |    0000DF2D  __map_til
ASxxxx Linker V03.00/V05.40 + sdld,  page 28.
Hexadecimal  [32-Bits]

Area                       Addr        Size        Decimal Bytes (Attributes)
--------------------       ----        ----        ------- ----- ------------
_HRAM                  0000FF80    00000013 =          19. bytes (REL,CON)

        Value  Global            Value  Global            Value  Global    
        -----  ------            -----  ------            -----  ------    
     0000FF80  .refresh_ |    0000FF90  __current |    0000FF91  __vbl_don
     0000FF92  __shadow_
ASxxxx Linker V03.00/V05.40 + sdld,  page 29.
Hexadecimal  [32-Bits]

Area                       Addr        Size        Decimal Bytes (Attributes)
--------------------       ----        ----        ------- ----- ------------
_CODE_7                00074000    00000EC3 =        3779. bytes (REL,CON)

        Value  Global            Value  Global            Value  Global    
        -----  ------            -----  ------            -----  ------    
     00074000  _game_mai
ASxxxx Linker V03.00/V05.40 + sdld,  page 30.
Hexadecimal  [32-Bits]

Area                       Addr        Size        Decimal Bytes (Attributes)
--------------------       ----        ----        ------- ----- ------------
_CODE_1                00014000    000039AB =       14763. bytes (REL,CON)

        Value  Global            Value  Global            Value  Global    
        -----  ------            -----  ------            -----  ------    
     00014000  _enable_s |    00014006  _disable_ |    0001400C  _switch_r
     00014010  _perform_ |    000140E3  _init_gam |    000141FD  _play_sou
     0001420E  _play_sou |    0001421F  _play_sou |    00014236  _play_sou
     0001424B  _play_sou |    00014260  _play_des |    0001430A  _play_sou
     00014328  _play_eng |    00014338  _stop_eng |    00014340  _get_tool
     00014390  _building |    000143D0  _get_tool |    0001443A  _get_eras
     0001462E  _get_buil |    0001467A  _get_max_ |    000146E6  _update_b
     0001486C  _refresh_ |    00014947  _add_buil |    000149B7  _remove_b
     00014AB6  _rebuild_ |    00014DAD  _get_sub_ |    00014DBC  _reset_su
     00014DC1  _update_s |    000151F0  _sub_tool |    00015208  _is_area_
     00015285  _plot_bui |    0001532D  _update_g |    000159B8  _update_s
     000159C0  _draw_hud |    00015B90  _update_h |    00015D0A  _move_lim
     00015D53  _logo_scr |    00015FCF  _story_di |    000162DA  _move_cur
     0001673B  _force_cu |    00016758  _trigger_ |    0001681B  _trigger_
     000168D1  _setup_st |    000169C3  _update_r |    00016C2F  _cars_ini
     00016C85  _cars_upd |    00017067  _tram_ini |    000170B4  _tram_upd
     000176A5  _boat_ini |    000176C9  _boat_upd
ASxxxx Linker V03.00/V05.40 + sdld,  page 31.
Hexadecimal  [32-Bits]

Area                       Addr        Size        Decimal Bytes (Attributes)
--------------------       ----        ----        ------- ----- ------------
_CODE_3                00034000    000030F9 =       12537. bytes (REL,CON)

        Value  Global            Value  Global            Value  Global    
        -----  ------            -----  ------            -----  ------    
     000341FD  _find_bui |    00034D9B  _show_upg |    00034FD6  _show_bui
     0003511A  _tile_dat |    0003531A  _cursor_d |    0003536A  _menu_ico
     000353EA  _shop     |    000354EA  _icon01   |    0003552A  _limousin
     000356DA  _specialC |    0003574A  _fleche   |    0003575A  _penultim
     0003583A  _titleEl  |    0003587A  _titlePre |    0003599A  _basicCom
     000359DA  _iconBuil |    00035A1A  _iconRes  |    00035A5A  _iconGov 
     00035A9A  _iconMine |    00035ADA  _iconEner |    00035B1A  _iconCatR
     00035B5A  _iconSubR |    00035B9A  _iconSubD |    00035BDA  _farmish 
     00035C6A  _plantati |    00035CAA  _iconSubH |    00035CEA  _iconSubS
     00035D2A  _iconSubF |    00035D6A  _iconSubF |    00035DAA  _iconSubP
     00035DEA  _iconSubW |    00035E2A  _sawmill  |    00035F2A  _police  
     00035F6A  _iconSubP |    00035FAA  _church   |    0003603A  _iconSubC
     0003607A  _hospital |    0003617A  _iconSubH |    000361BA  _iconSubS
     000361FA  _power    |    000362FA  _mine     |    000363FA  _iconSubM
     0003643A  _iconCatL |    0003647A  _iconSubB |    000364BA  _iconSubM
     000364FA  _iconSubU |    0003653A  _mediaDis |    000365CA  _baraque 
     0003660A  _road_x6  |    0003666A  _road_int |    0003669A  _dollar  
     000366AA  _date_til |    0003675A  _hud_extr |    0003679A  _cursor_t
     000367AA  _flash    |    000367BA  _car_tile |    000367CA  _car_tile
     000367DA  _car_tile |    000367EA  _car_tile |    000367FA  _water   
     0003685A  _charb    |    0003686A  _port     |    000368AA  _iconSubP
     000368EA  _oneTileH |    000368FA  _iconSubO |    0003693A  _tram    
     0003697A  _boat     |    000369BA  _boatBack |    000369FA  _interrog
     00036A0A  _troisCot |    00036A3A  _plane_lo |    00036B41  _plane_in
     00036B59  _plane_up |    00036DE1  _water_an
ASxxxx Linker V03.00/V05.40 + sdld,  page 32.
Hexadecimal  [32-Bits]

Area                       Addr        Size        Decimal Bytes (Attributes)
--------------------       ----        ----        ------- ----- ------------
_CODE_5                00054000    00002912 =       10514. bytes (REL,CON)

        Value  Global            Value  Global            Value  Global    
        -----  ------            -----  ------            -----  ------    
     000541EE  _update_e |    00055C67  _copy_mis
ASxxxx Linker V03.00/V05.40 + sdld,  page 33.
Hexadecimal  [32-Bits]

Area                       Addr        Size        Decimal Bytes (Attributes)
--------------------       ----        ----        ------- ----- ------------
_CODE_6                00064000    00001F06 =        7942. bytes (REL,CON)

        Value  Global            Value  Global            Value  Global    
        -----  ------            -----  ------            -----  ------    
     000641EE  _update_e |    000641F4  _update_e
ASxxxx Linker V03.00/V05.40 + sdld,  page 34.
Hexadecimal  [32-Bits]

Area                       Addr        Size        Decimal Bytes (Attributes)
--------------------       ----        ----        ------- ----- ------------
_CODE_2                00024000    00003B45 =       15173. bytes (REL,CON)

        Value  Global            Value  Global            Value  Global    
        -----  ------            -----  ------            -----  ------    
     00024000  _confirm_ |    00024209  _wipe_slo |    0002422E  _load_sav
     0002477C  _save_sto |    00024EC9  _load_sto |    0002509B  _main_men
     00025200  _pause_me |    00025655  _confirm_ |    000257EF  _story_su
     00025AAA  _language |    00025B92  _init_lan |    00025B99  _get_text
     000271BF  _intro_bu |    000275BF  _generate |    0002768E  _display_
     0002778B  _intro_ti |    00027922  _show_min
ASxxxx Linker V03.00/V05.40 + sdld,  page 35.
Hexadecimal  [32-Bits]

Area                       Addr        Size        Decimal Bytes (Attributes)
--------------------       ----        ----        ------- ----- ------------
_CODE_4                00044000    00003A0A =       14858. bytes (REL,CON)

        Value  Global            Value  Global            Value  Global    
        -----  ------            -----  ------            -----  ------    
     00044000  _story_ge |    000442C1  _story_mo |    00044413  _map_miss
     00045413  _draw_men |    000454E7  _font_lc_ |    000456A7  _menu_bor
     00045CAE  _decrets_ |    00045EB0  _stats_sc
ASxxxx Linker V03.00/V05.40 + sdld,  page 36.
Hexadecimal  [32-Bits]

Area                       Addr        Size        Decimal Bytes (Attributes)
--------------------       ----        ----        ------- ----- ------------
_FONT_HEADER0          00000000    00000003 =           3. bytes (ABS,CON)

        Value  Global            Value  Global            Value  Global    
        -----  ------            -----  ------            -----  ------    
ASxxxx Linker V03.00/V05.40 + sdld,  page 37.
Hexadecimal  [32-Bits]

Area                       Addr        Size        Decimal Bytes (Attributes)
--------------------       ----        ----        ------- ----- ------------
_HEADER_LCD0           00000000    00000003 =           3. bytes (ABS,CON)

        Value  Global            Value  Global            Value  Global    
        -----  ------            -----  ------            -----  ------    
ASxxxx Linker V03.00/V05.40 + sdld,  page 38.

Files Linked                              [ module(s) ]

C:\GB\aclean178afterDecree\lib/gb/crt0.o  [ Runtime ]
main_entry.o                              [ main_entry ]
main.o                                    [ main ]
game_state.o                              [ game_state ]
graphics.o                                [ graphics ]
audio.o                                   [ audio ]
logic.o                                   [ logic ]
economy.o                                 [ economy ]
economy_update.o                          [ economy_update ]
economy_tick.o                            [ economy_tick ]
assets.o                                  [ assets ]
save.o                                    [ save ]
menus.o                                   [ menus ]
missions.o                                [ missions ]
lang.o                                    [ lang ]
intro.o                                   [ intro ]
minimap.o                                 [ minimap ]
story_mode.o                              [ story_mode ]
map_mission1_water.o                      [ map_mission1_water ]
boat.o                                    [ boat ]
menu_assets.o                             [ menu_assets ]
decrets.o                                 [ decrets ]
stats_screen.o                            [ stats_screen ]
plane.o                                   [ plane ]


Libraries Linked                          [ object file ]

C:\GB\aclean178afterDecree\lib/sm83/sm83.lib
                                          [ div.o ]
C:\GB\aclean178afterDecree\lib/gb/gb.lib  [ font.o ]
C:\GB\aclean178afterDecree\lib/gb/gb.lib  [ set_1bit_data.o ]
C:\GB\aclean178afterDecree\lib/gb/gb.lib  [ sfr.o ]
C:\GB\aclean178afterDecree\lib/sm83/sm83.lib
                                          [ abs.o ]
C:\GB\aclean178afterDecree\lib/gb/gb.lib  [ set_wi_t.o ]
C:\GB\aclean178afterDecree\lib/gb/gb.lib  [ set_data.o ]
C:\GB\aclean178afterDecree\lib/gb/gb.lib  [ set_tile.o ]
C:\GB\aclean178afterDecree\lib/sm83/sm83.lib
                                          [ mul.o ]
C:\GB\aclean178afterDecree\lib/sm83/sm83.lib
                                          [ _modslong.o ]
C:\GB\aclean178afterDecree\lib/sm83/sm83.lib
                                          [ _modulong.o ]
C:\GB\aclean178afterDecree\lib/sm83/sm83.lib
                                          [ _divslong.o ]
C:\GB\aclean178afterDecree\lib/sm83/sm83.lib
                                          [ _divulong.o ]
C:\GB\aclean178afterDecree\lib/gb/gb.lib  [ pad.o ]
C:\GB\aclean178afterDecree\lib/sm83/sm83.lib
                                          [ memcpy.o ]
C:\GB\aclean178afterDecree\lib/gb/gb.lib  [ color.o ]
C:\GB\aclean178afterDecree\lib/gb/gb.lib  [ drawing_isr.o ]
C:\GB\aclean178afterDecree\lib/gb/gb.lib  [ f_ibm_sh.o ]
C:\GB\aclean178afterDecree\lib/gb/gb.lib  [ lcd.o ]
C:\GB\aclean178afterDecree\lib/gb/gb.lib  [ delay.o ]
C:\GB\aclean178afterDecree\lib/gb/gb.lib  [ f_min.o ]
C:\GB\aclean178afterDecree\lib/sm83/sm83.lib
                                          [ _mullong.o ]
C:\GB\aclean178afterDecree\lib/gb/gb.lib  [ set_bk_t.o ]
C:\GB\aclean178afterDecree\lib/gb/gb.lib  [ set_xy_t.o ]

ASxxxx Linker V03.00/V05.40 + sdld,  page 39.

User Base Address Definitions

_DATA=0xC0A0
_CODE=0x0200
_HRAM=0xFF80
ASxxxx Linker V03.00/V05.40 + sdld,  page 40.

User Global Definitions

_shadow_OAM=0xC000
.STACK=0xE000

